Read 219 words
syntax-test: unexpected semicolon in sentence: let puzzle vector be { { 1, 1, 1, 1, 1, 1, 1, 1 }, { 1, 0, -1, 0, 0, -1, 0, 1 }, { 1, -1, 0, 1, 0, -2, 0, 1 }, { 1, 0, 0, 0, 0, 1, 0, 1 }, { 1, -3, 0, 0, -1, -1, 0, 1 }, { 1, 0, 0, -1, 0, 0, 0, 1 }, { 1, 1, 1, 0, 0, 0, 1, 1 }, { 1, 1, 1, 0, 0, 0, 1, 1 }, { 1, 1, 1, 1, 1, 1, 1, 1 } }
syntax-test: unexpected semicolon in sentence: say entry y of puzzle vector, "."
syntax-test: unexpected semicolon in sentence: say "[entry x of entry y of puzzle vector] "
syntax-test: unexpected semicolon in sentence: say "."
ROOT_NT
    HEADING_NT'when play begins' {heading 0}
        SENTENCE_NT'when play begins'
        SENTENCE_NT'let puzzle vector be { { 1 , 1 , 1 , 1 , 1 , 1 , 1 , 1 } , {'
        SENTENCE_NT'repeat with y running from 1 to 8'
        SENTENCE_NT'say entry y of puzzle vector , "."'
        SENTENCE_NT'repeat with x running from 1 to 8'
        SENTENCE_NT'say "[entry x of entry y of puzzle vector] "'
        SENTENCE_NT'say "."'
        SENTENCE_NT'say "For comparison: [puzzle vector]."'
        SENTENCE_NT'the royal puzzle is a room'
