198 words
¶pisa¶ ¶is¶ ¶a¶ ¶room¶ ¶.¶ ¶|__¶ ¶the¶ ¶pen¶ ¶here¶ ¶blotter¶ ¶ball¶ ¶a1¶ ¶list¶ ¶of¶ ¶objects¶ ¶that¶ ¶varies¶ ¶{¶ ¶,¶ ¶}¶ ¶before¶ ¶taking¶ ¶something¶ ¶interesting¶ ¶:¶ ¶say¶ ¶"(an interesting choice of object) "¶ ¶definition¶ ¶thing¶ ¶if¶ ¶it¶ ¶listed¶ ¶in¶ ¶leonardo¶ ¶fibonacci¶ ¶man¶ ¶sequencing¶ ¶an¶ ¶action¶ ¶applying¶ ¶to¶ ¶one¶ ¶number¶ ¶understand¶ ¶"sequence "¶ ¶""¶ ¶as¶ ¶persuasion¶ ¶rule¶ ¶for¶ ¶asking¶ ¶try¶ ¶succeeds¶ ¶report¶ ¶let¶ ¶n¶ ¶be¶ ¶understood¶ ¶;¶ ¶"Leonardo offers "¶ ¶first¶ ¶terms¶ ¶sequence¶ ¶"."¶ ¶decide¶ ¶what¶ ¶numbers¶ ¶(¶ ¶f¶ ¶-¶ ¶)¶ ¶1¶ ¶3¶ ¶while¶ ¶<¶ ¶last¶ ¶term¶ ¶entry¶ ¶penultimate¶ ¶2¶ ¶next¶ ¶plus¶ ¶add¶ ¶increase¶ ¶by¶ ¶on¶ ¶test¶ ¶me¶ ¶with¶ ¶"leonardo, sequence 20 / get all"¶ 
90 distinct words
¶Pisa¶ ¶pisa¶ 0a
¶is¶ ¶is¶ 20
¶a¶ ¶a¶ 20
¶Room¶ ¶room¶ 20
¶.¶ ¶.¶ 20
¶|__¶ ¶|__¶ 0a
¶The¶ ¶the¶ 20
¶pen¶ ¶pen¶ 20
¶is¶ ¶is¶ 20
¶here¶ ¶here¶ 20
¶.¶ ¶.¶ 20
¶The¶ ¶the¶ 20
¶blotter¶ ¶blotter¶ 20
¶is¶ ¶is¶ 20
¶here¶ ¶here¶ 20
¶.¶ ¶.¶ 20
¶The¶ ¶the¶ 20
¶ball¶ ¶ball¶ 20
¶is¶ ¶is¶ 20
¶here¶ ¶here¶ 20
¶.¶ ¶.¶ 20
¶|__¶ ¶|__¶ 0a
¶a1¶ ¶a1¶ 20
¶is¶ ¶is¶ 20
¶a¶ ¶a¶ 20
¶list¶ ¶list¶ 20
¶of¶ ¶of¶ 20
¶objects¶ ¶objects¶ 20
¶that¶ ¶that¶ 20
¶varies¶ ¶varies¶ 20
¶.¶ ¶.¶ 20
¶a1¶ ¶a1¶ 20
¶is¶ ¶is¶ 20
¶{¶ ¶{¶ 20
¶pen¶ ¶pen¶ 20
¶,¶ ¶,¶ 20
¶blotter¶ ¶blotter¶ 20
¶}¶ ¶}¶ 20
¶.¶ ¶.¶ 20
¶|__¶ ¶|__¶ 0a
¶Before¶ ¶before¶ 20
¶taking¶ ¶taking¶ 20
¶something¶ ¶something¶ 20
¶interesting¶ ¶interesting¶ 20
¶:¶ ¶:¶ 20
¶say¶ ¶say¶ 41
¶"(an interesting choice of object) "¶ ¶"(an interesting choice of object) "¶ 20
¶.¶ ¶.¶ 20
¶|__¶ ¶|__¶ 0a
¶Definition¶ ¶definition¶ 20
¶:¶ ¶:¶ 20
¶a¶ ¶a¶ 20
¶thing¶ ¶thing¶ 20
¶is¶ ¶is¶ 20
¶interesting¶ ¶interesting¶ 20
¶if¶ ¶if¶ 20
¶it¶ ¶it¶ 20
¶is¶ ¶is¶ 20
¶listed¶ ¶listed¶ 20
¶in¶ ¶in¶ 20
¶{¶ ¶{¶ 20
¶pen¶ ¶pen¶ 20
¶,¶ ¶,¶ 20
¶blotter¶ ¶blotter¶ 20
¶}¶ ¶}¶ 20
¶.¶ ¶.¶ 20
¶|__¶ ¶|__¶ 0a
¶Leonardo¶ ¶leonardo¶ 20
¶Fibonacci¶ ¶fibonacci¶ 20
¶is¶ ¶is¶ 20
¶a¶ ¶a¶ 20
¶man¶ ¶man¶ 20
¶in¶ ¶in¶ 20
¶Pisa¶ ¶pisa¶ 20
¶.¶ ¶.¶ 20
¶|__¶ ¶|__¶ 0a
¶Sequencing¶ ¶sequencing¶ 20
¶is¶ ¶is¶ 20
¶an¶ ¶an¶ 20
¶action¶ ¶action¶ 20
¶applying¶ ¶applying¶ 20
¶to¶ ¶to¶ 20
¶one¶ ¶one¶ 20
¶number¶ ¶number¶ 20
¶.¶ ¶.¶ 20
¶Understand¶ ¶understand¶ 20
¶"sequence "¶ ¶"sequence "¶ 20
¶,¶ ¶,¶ 20
¶number¶ ¶number¶ 20
¶,¶ ¶,¶ 20
¶""¶ ¶""¶ 20
¶as¶ ¶as¶ 20
¶sequencing¶ ¶sequencing¶ 20
¶.¶ ¶.¶ 20
¶|__¶ ¶|__¶ 0a
¶Persuasion¶ ¶persuasion¶ 20
¶rule¶ ¶rule¶ 20
¶for¶ ¶for¶ 20
¶asking¶ ¶asking¶ 20
¶Leonardo¶ ¶leonardo¶ 20
¶to¶ ¶to¶ 20
¶try¶ ¶try¶ 20
¶sequencing¶ ¶sequencing¶ 20
¶:¶ ¶:¶ 20
¶persuasion¶ ¶persuasion¶ 20
¶succeeds¶ ¶succeeds¶ 20
¶.¶ ¶.¶ 20
¶|__¶ ¶|__¶ 0a
¶Report¶ ¶report¶ 20
¶Leonardo¶ ¶leonardo¶ 20
¶sequencing¶ ¶sequencing¶ 20
¶:¶ ¶:¶ 20
¶let¶ ¶let¶ 41
¶N¶ ¶n¶ 20
¶be¶ ¶be¶ 20
¶the¶ ¶the¶ 20
¶number¶ ¶number¶ 20
¶understood¶ ¶understood¶ 20
¶;¶ ¶;¶ 20
¶say¶ ¶say¶ 41
¶"Leonardo offers "¶ ¶"Leonardo offers "¶ 20
¶,¶ ¶,¶ 20
¶the¶ ¶the¶ 20
¶first¶ ¶first¶ 20
¶N¶ ¶n¶ 20
¶terms¶ ¶terms¶ 20
¶of¶ ¶of¶ 20
¶the¶ ¶the¶ 20
¶Fibonacci¶ ¶fibonacci¶ 20
¶sequence¶ ¶sequence¶ 20
¶,¶ ¶,¶ 20
¶"."¶ ¶"."¶ 20
¶|__¶ ¶|__¶ 0a
¶To¶ ¶to¶ 20
¶decide¶ ¶decide¶ 20
¶what¶ ¶what¶ 20
¶list¶ ¶list¶ 20
¶of¶ ¶of¶ 20
¶numbers¶ ¶numbers¶ 20
¶is¶ ¶is¶ 20
¶the¶ ¶the¶ 20
¶first¶ ¶first¶ 20
¶(¶ ¶(¶ 20
¶F¶ ¶f¶ 20
¶-¶ ¶-¶ 20
¶a¶ ¶a¶ 20
¶number¶ ¶number¶ 20
¶)¶ ¶)¶ 20
¶terms¶ ¶terms¶ 20
¶of¶ ¶of¶ 20
¶the¶ ¶the¶ 20
¶Fibonacci¶ ¶fibonacci¶ 20
¶sequence¶ ¶sequence¶ 20
¶:¶ ¶:¶ 20
¶let¶ ¶let¶ 41
¶the¶ ¶the¶ 20
¶Fibonacci¶ ¶fibonacci¶ 20
¶sequence¶ ¶sequence¶ 20
¶be¶ ¶be¶ 20
¶{¶ ¶{¶ 20
¶1¶ ¶1¶ 20
¶,¶ ¶,¶ 20
¶1¶ ¶1¶ 20
¶}¶ ¶}¶ 20
¶;¶ ¶;¶ 20
¶let¶ ¶let¶ 41
¶N¶ ¶n¶ 20
¶be¶ ¶be¶ 20
¶3¶ ¶3¶ 20
¶;¶ ¶;¶ 20
¶while¶ ¶while¶ 41
¶N¶ ¶n¶ 20
¶<¶ ¶<¶ 20
¶F¶ ¶f¶ 20
¶:¶ ¶:¶ 20
¶let¶ ¶let¶ 42
¶the¶ ¶the¶ 20
¶last¶ ¶last¶ 20
¶term¶ ¶term¶ 20
¶be¶ ¶be¶ 20
¶entry¶ ¶entry¶ 20
¶(¶ ¶(¶ 20
¶N¶ ¶n¶ 20
¶-¶ ¶-¶ 20
¶1¶ ¶1¶ 20
¶)¶ ¶)¶ 20
¶of¶ ¶of¶ 20
¶the¶ ¶the¶ 20
¶Fibonacci¶ ¶fibonacci¶ 20
¶sequence¶ ¶sequence¶ 20
¶;¶ ¶;¶ 20
¶let¶ ¶let¶ 42
¶the¶ ¶the¶ 20
¶penultimate¶ ¶penultimate¶ 20
¶term¶ ¶term¶ 20
¶be¶ ¶be¶ 20
¶entry¶ ¶entry¶ 20
¶(¶ ¶(¶ 20
¶N¶ ¶n¶ 20
¶-¶ ¶-¶ 20
¶2¶ ¶2¶ 20
¶)¶ ¶)¶ 20
¶of¶ ¶of¶ 20
¶the¶ ¶the¶ 20
¶Fibonacci¶ ¶fibonacci¶ 20
¶sequence¶ ¶sequence¶ 20
¶;¶ ¶;¶ 20
¶let¶ ¶let¶ 42
¶the¶ ¶the¶ 20
¶next¶ ¶next¶ 20
¶term¶ ¶term¶ 20
¶be¶ ¶be¶ 20
¶the¶ ¶the¶ 20
¶last¶ ¶last¶ 20
¶term¶ ¶term¶ 20
¶plus¶ ¶plus¶ 20
¶the¶ ¶the¶ 20
¶penultimate¶ ¶penultimate¶ 20
¶term¶ ¶term¶ 20
¶;¶ ¶;¶ 20
¶add¶ ¶add¶ 42
¶the¶ ¶the¶ 20
¶next¶ ¶next¶ 20
¶term¶ ¶term¶ 20
¶to¶ ¶to¶ 20
¶the¶ ¶the¶ 20
¶Fibonacci¶ ¶fibonacci¶ 20
¶sequence¶ ¶sequence¶ 20
¶;¶ ¶;¶ 20
¶increase¶ ¶increase¶ 42
¶N¶ ¶n¶ 20
¶by¶ ¶by¶ 20
¶1¶ ¶1¶ 20
¶;¶ ¶;¶ 20
¶decide¶ ¶decide¶ 41
¶on¶ ¶on¶ 20
¶the¶ ¶the¶ 20
¶Fibonacci¶ ¶fibonacci¶ 20
¶sequence¶ ¶sequence¶ 20
¶.¶ ¶.¶ 20
¶|__¶ ¶|__¶ 0a
¶Test¶ ¶test¶ 20
¶me¶ ¶me¶ 20
¶with¶ ¶with¶ 20
¶"leonardo, sequence 20 / get all"¶ ¶"leonardo, sequence 20 / get all"¶ 20
¶.¶ ¶.¶ 20
¶|__¶ ¶|__¶ 0a
¶|__¶ ¶|__¶ 0a
¶|__¶ ¶|__¶ 0a
¶|__¶ ¶|__¶ 0a
