101 words
¶the¶ ¶brahms¶ ¶conservatoire¶ ¶is¶ ¶a¶ ¶room¶ ¶.¶ ¶|__¶ ¶to¶ ¶judge¶ ¶(¶ ¶r¶ ¶-¶ ¶relation¶ ¶of¶ ¶numbers¶ ¶)¶ ¶:¶ ¶repeat¶ ¶with¶ ¶n¶ ¶running¶ ¶from¶ ¶1¶ ¶5¶ ¶m¶ ¶if¶ ¶relates¶ ¶,¶ ¶say¶ ¶""¶ ¶" <=> "¶ ¶"   "¶ ¶;¶ ¶""¶ ¶line¶ ¶break¶ ¶""¶ ¶parity¶ ¶number¶ ¶called¶ ¶when¶ ¶minus¶ ¶even¶ ¶joint¶ ¶magnitude¶ ¶plus¶ ¶greater¶ ¶than¶ ¶7¶ ¶play¶ ¶begins¶ ¶let¶ ¶l¶ ¶be¶ ¶{¶ ¶}¶ ¶through¶ 
58 distinct words
¶The¶ ¶the¶ 0a
¶Brahms¶ ¶brahms¶ 20
¶Conservatoire¶ ¶conservatoire¶ 20
¶is¶ ¶is¶ 20
¶a¶ ¶a¶ 20
¶room¶ ¶room¶ 20
¶.¶ ¶.¶ 20
¶|__¶ ¶|__¶ 0a
¶To¶ ¶to¶ 20
¶judge¶ ¶judge¶ 20
¶(¶ ¶(¶ 20
¶R¶ ¶r¶ 20
¶-¶ ¶-¶ 20
¶a¶ ¶a¶ 20
¶relation¶ ¶relation¶ 20
¶of¶ ¶of¶ 20
¶numbers¶ ¶numbers¶ 20
¶to¶ ¶to¶ 20
¶numbers¶ ¶numbers¶ 20
¶)¶ ¶)¶ 20
¶:¶ ¶:¶ 20
¶repeat¶ ¶repeat¶ 41
¶with¶ ¶with¶ 20
¶N¶ ¶n¶ 20
¶running¶ ¶running¶ 20
¶from¶ ¶from¶ 20
¶1¶ ¶1¶ 20
¶to¶ ¶to¶ 20
¶5¶ ¶5¶ 20
¶:¶ ¶:¶ 20
¶repeat¶ ¶repeat¶ 42
¶with¶ ¶with¶ 20
¶M¶ ¶m¶ 20
¶running¶ ¶running¶ 20
¶from¶ ¶from¶ 20
¶1¶ ¶1¶ 20
¶to¶ ¶to¶ 20
¶5¶ ¶5¶ 20
¶:¶ ¶:¶ 20
¶if¶ ¶if¶ 43
¶R¶ ¶r¶ 20
¶relates¶ ¶relates¶ 20
¶N¶ ¶n¶ 20
¶to¶ ¶to¶ 20
¶M¶ ¶m¶ 20
¶,¶ ¶,¶ 20
¶say¶ ¶say¶ 20
¶""¶ ¶""¶ 20
¶,¶ ¶,¶ 20
¶N¶ ¶n¶ 20
¶,¶ ¶,¶ 20
¶" <=> "¶ ¶" <=> "¶ 20
¶,¶ ¶,¶ 20
¶M¶ ¶m¶ 20
¶,¶ ¶,¶ 20
¶"   "¶ ¶"   "¶ 20
¶;¶ ¶;¶ 20
¶say¶ ¶say¶ 42
¶""¶ ¶""¶ 20
¶,¶ ¶,¶ 20
¶line¶ ¶line¶ 20
¶break¶ ¶break¶ 20
¶,¶ ¶,¶ 20
¶""¶ ¶""¶ 20
¶;¶ ¶;¶ 20
¶|__¶ ¶|__¶ 0a
¶Parity¶ ¶parity¶ 20
¶relates¶ ¶relates¶ 20
¶a¶ ¶a¶ 20
¶number¶ ¶number¶ 20
¶(¶ ¶(¶ 20
¶called¶ ¶called¶ 20
¶N¶ ¶n¶ 20
¶)¶ ¶)¶ 20
¶to¶ ¶to¶ 20
¶a¶ ¶a¶ 20
¶number¶ ¶number¶ 20
¶(¶ ¶(¶ 20
¶called¶ ¶called¶ 20
¶M¶ ¶m¶ 20
¶)¶ ¶)¶ 20
¶when¶ ¶when¶ 20
¶N¶ ¶n¶ 20
¶minus¶ ¶minus¶ 20
¶M¶ ¶m¶ 20
¶is¶ ¶is¶ 20
¶even¶ ¶even¶ 20
¶.¶ ¶.¶ 20
¶|__¶ ¶|__¶ 0a
¶Joint¶ ¶joint¶ 20
¶magnitude¶ ¶magnitude¶ 20
¶relates¶ ¶relates¶ 20
¶a¶ ¶a¶ 20
¶number¶ ¶number¶ 20
¶(¶ ¶(¶ 20
¶called¶ ¶called¶ 20
¶N¶ ¶n¶ 20
¶)¶ ¶)¶ 20
¶to¶ ¶to¶ 20
¶a¶ ¶a¶ 20
¶number¶ ¶number¶ 20
¶(¶ ¶(¶ 20
¶called¶ ¶called¶ 20
¶M¶ ¶m¶ 20
¶)¶ ¶)¶ 20
¶when¶ ¶when¶ 20
¶N¶ ¶n¶ 20
¶plus¶ ¶plus¶ 20
¶M¶ ¶m¶ 20
¶is¶ ¶is¶ 0a
¶greater¶ ¶greater¶ 20
¶than¶ ¶than¶ 20
¶7¶ ¶7¶ 20
¶.¶ ¶.¶ 20
¶|__¶ ¶|__¶ 0a
¶When¶ ¶when¶ 20
¶play¶ ¶play¶ 20
¶begins¶ ¶begins¶ 20
¶:¶ ¶:¶ 20
¶let¶ ¶let¶ 41
¶L¶ ¶l¶ 20
¶be¶ ¶be¶ 20
¶{¶ ¶{¶ 20
¶parity¶ ¶parity¶ 20
¶relation¶ ¶relation¶ 20
¶,¶ ¶,¶ 20
¶joint¶ ¶joint¶ 20
¶magnitude¶ ¶magnitude¶ 20
¶relation¶ ¶relation¶ 20
¶}¶ ¶}¶ 20
¶;¶ ¶;¶ 20
¶repeat¶ ¶repeat¶ 41
¶with¶ ¶with¶ 20
¶R¶ ¶r¶ 20
¶running¶ ¶running¶ 20
¶through¶ ¶through¶ 20
¶L¶ ¶l¶ 20
¶:¶ ¶:¶ 20
¶judge¶ ¶judge¶ 42
¶R¶ ¶r¶ 20
¶;¶ ¶;¶ 20
¶|__¶ ¶|__¶ 0a
¶|__¶ ¶|__¶ 0a
¶|__¶ ¶|__¶ 0a
¶|__¶ ¶|__¶ 0a
